

================================================================
== Vivado HLS Report for 'Mem2Stream_Batch'
================================================================
* Date:           Wed Jan 27 05:57:13 2021

* Version:        2020.1 (Build 2897737 on Wed May 27 20:21:37 MDT 2020)
* Project:        project_StreamingDataflowPartition_0_IODMA_0
* Solution:       sol1
* Product family: zynq
* Target device:  xc7z020-clg400-1


================================================================
== Performance Estimates
================================================================
+ Timing: 
    * Summary: 
    +--------+----------+----------+------------+
    |  Clock |  Target  | Estimated| Uncertainty|
    +--------+----------+----------+------------+
    |ap_clk  | 10.00 ns | 8.750 ns |   1.25 ns  |
    +--------+----------+----------+------------+

+ Latency: 
    * Summary: 
    +---------+---------+----------+----------+-----+-----+---------+
    |  Latency (cycles) |  Latency (absolute) |  Interval | Pipeline|
    |   min   |   max   |    min   |    max   | min | max |   Type  |
    +---------+---------+----------+----------+-----+-----+---------+
    |        ?|        ?|         ?|         ?|    ?|    ?|   none  |
    +---------+---------+----------+----------+-----+-----+---------+

    + Detail: 
        * Instance: 
        +--------------------------------+----------------------+---------+---------+----------+----------+-----+-----+---------+
        |                                |                      |  Latency (cycles) |  Latency (absolute) |  Interval | Pipeline|
        |            Instance            |        Module        |   min   |   max   |    min   |    max   | min | max |   Type  |
        +--------------------------------+----------------------+---------+---------+----------+----------+-----+-----+---------+
        |grp_Mem2Stream_fu_62            |Mem2Stream            |      649|      649| 6.490 us | 6.490 us |  649|  649|   none  |
        |grp_Mem2Stream_16u_80u_s_fu_72  |Mem2Stream_16u_80u_s  |       49|       49| 0.490 us | 0.490 us |   49|   49|   none  |
        +--------------------------------+----------------------+---------+---------+----------+----------+-----+-----+---------+

        * Loop: 
        +----------+---------+---------+----------+-----------+-----------+------+----------+
        |          |  Latency (cycles) | Iteration|  Initiation Interval  | Trip |          |
        | Loop Name|   min   |   max   |  Latency |  achieved |   target  | Count| Pipelined|
        +----------+---------+---------+----------+-----------+-----------+------+----------+
        |- Loop 1  |        ?|        ?| 51 ~ 651 |          -|          -|     ?|    no    |
        +----------+---------+---------+----------+-----------+-----------+------+----------+



================================================================
== Utilization Estimates
================================================================
* Summary: 
+-----------------+---------+-------+--------+-------+-----+
|       Name      | BRAM_18K| DSP48E|   FF   |  LUT  | URAM|
+-----------------+---------+-------+--------+-------+-----+
|DSP              |        -|      -|       -|      -|    -|
|Expression       |        -|      -|       0|    189|    -|
|FIFO             |        -|      -|       -|      -|    -|
|Instance         |        -|      -|     170|    421|    -|
|Memory           |        -|      -|       -|      -|    -|
|Multiplexer      |        -|      -|       -|    276|    -|
|Register         |        -|      -|     132|      -|    -|
+-----------------+---------+-------+--------+-------+-----+
|Total            |        0|      0|     302|    886|    0|
+-----------------+---------+-------+--------+-------+-----+
|Available        |      280|    220|  106400|  53200|    0|
+-----------------+---------+-------+--------+-------+-----+
|Utilization (%)  |        0|      0|   ~0   |      1|    0|
+-----------------+---------+-------+--------+-------+-----+

+ Detail: 
    * Instance: 
    +--------------------------------+----------------------+---------+-------+----+-----+-----+
    |            Instance            |        Module        | BRAM_18K| DSP48E| FF | LUT | URAM|
    +--------------------------------+----------------------+---------+-------+----+-----+-----+
    |grp_Mem2Stream_fu_62            |Mem2Stream            |        0|      0|  87|  211|    0|
    |grp_Mem2Stream_16u_80u_s_fu_72  |Mem2Stream_16u_80u_s  |        0|      0|  83|  210|    0|
    +--------------------------------+----------------------+---------+-------+----+-----+-----+
    |Total                           |                      |        0|      0| 170|  421|    0|
    +--------------------------------+----------------------+---------+-------+----+-----+-----+

    * DSP48E: 
    N/A

    * Memory: 
    N/A

    * FIFO: 
    N/A

    * Expression: 
    +-----------------------------------------------+----------+-------+---+----+------------+------------+
    |                 Variable Name                 | Operation| DSP48E| FF| LUT| Bitwidth P0| Bitwidth P1|
    +-----------------------------------------------+----------+-------+---+----+------------+------------+
    |add_ln170_fu_132_p2                            |     +    |      0|  0|  39|          32|          32|
    |rep_3_fu_140_p2                                |     +    |      0|  0|  39|          32|           1|
    |rep_fu_151_p2                                  |     +    |      0|  0|  39|          32|           5|
    |repsLeft_fu_105_p2                             |     -    |      0|  0|  39|          32|          32|
    |grp_Mem2Stream_16u_80u_s_fu_72_out_V_V_TREADY  |    and   |      0|  0|   2|           1|           1|
    |icmp_ln166_fu_100_p2                           |   icmp   |      0|  0|  18|          32|          32|
    |icmp_ln168_fu_114_p2                           |   icmp   |      0|  0|   9|           4|           1|
    |ap_block_state1                                |    or    |      0|  0|   2|           1|           1|
    |ap_block_state3_on_subcall_done                |    or    |      0|  0|   2|           1|           1|
    +-----------------------------------------------+----------+-------+---+----+------------+------------+
    |Total                                          |          |      0|  0| 189|         167|         106|
    +-----------------------------------------------+----------+-------+---+----+------------+------------+

    * Multiplexer: 
    +---------------------+----+-----------+-----+-----------+
    |         Name        | LUT| Input Size| Bits| Total Bits|
    +---------------------+----+-----------+-----+-----------+
    |ap_NS_fsm            |  27|          5|    1|          5|
    |ap_done              |   9|          2|    1|          2|
    |m_axi_in_V_ARADDR    |  15|          3|   64|        192|
    |m_axi_in_V_ARBURST   |  15|          3|    2|          6|
    |m_axi_in_V_ARCACHE   |  15|          3|    4|         12|
    |m_axi_in_V_ARID      |  15|          3|    1|          3|
    |m_axi_in_V_ARLEN     |  15|          3|   32|         96|
    |m_axi_in_V_ARLOCK    |  15|          3|    2|          6|
    |m_axi_in_V_ARPROT    |  15|          3|    3|          9|
    |m_axi_in_V_ARQOS     |  15|          3|    4|         12|
    |m_axi_in_V_ARREGION  |  15|          3|    4|         12|
    |m_axi_in_V_ARSIZE    |  15|          3|    3|          9|
    |m_axi_in_V_ARUSER    |  15|          3|    1|          3|
    |m_axi_in_V_ARVALID   |  15|          3|    1|          3|
    |m_axi_in_V_RREADY    |  15|          3|    1|          3|
    |out_V_V_TDATA_int    |  15|          3|   16|         48|
    |out_V_V_TVALID_int   |  15|          3|    1|          3|
    |rep_2_fu_46          |  15|          3|   32|         96|
    +---------------------+----+-----------+-----+-----------+
    |Total                | 276|         55|  173|        520|
    +---------------------+----+-----------+-----+-----------+

    * Register: 
    +---------------------------------------------+----+----+-----+-----------+
    |                     Name                    | FF | LUT| Bits| Const Bits|
    +---------------------------------------------+----+----+-----+-----------+
    |add_ln170_reg_189                            |  29|   0|   32|          3|
    |ap_CS_fsm                                    |   4|   0|    4|          0|
    |ap_done_reg                                  |   1|   0|    1|          0|
    |grp_Mem2Stream_16u_80u_s_fu_72_ap_start_reg  |   1|   0|    1|          0|
    |grp_Mem2Stream_fu_62_ap_start_reg            |   1|   0|    1|          0|
    |icmp_ln168_reg_185                           |   1|   0|    1|          0|
    |in_V_offset1_reg_176                         |  63|   0|   63|          0|
    |rep_2_fu_46                                  |  32|   0|   32|          0|
    +---------------------------------------------+----+----+-----+-----------+
    |Total                                        | 132|   0|  135|          3|
    +---------------------------------------------+----+----+-----+-----------+



================================================================
== Interface
================================================================
* Summary: 
+---------------------+-----+-----+------------+------------------+--------------+
|      RTL Ports      | Dir | Bits|  Protocol  |   Source Object  |    C Type    |
+---------------------+-----+-----+------------+------------------+--------------+
|ap_clk               |  in |    1| ap_ctrl_hs | Mem2Stream_Batch | return value |
|ap_rst               |  in |    1| ap_ctrl_hs | Mem2Stream_Batch | return value |
|ap_start             |  in |    1| ap_ctrl_hs | Mem2Stream_Batch | return value |
|ap_done              | out |    1| ap_ctrl_hs | Mem2Stream_Batch | return value |
|ap_continue          |  in |    1| ap_ctrl_hs | Mem2Stream_Batch | return value |
|ap_idle              | out |    1| ap_ctrl_hs | Mem2Stream_Batch | return value |
|ap_ready             | out |    1| ap_ctrl_hs | Mem2Stream_Batch | return value |
|m_axi_in_V_AWVALID   | out |    1|    m_axi   |       in_V       |    pointer   |
|m_axi_in_V_AWREADY   |  in |    1|    m_axi   |       in_V       |    pointer   |
|m_axi_in_V_AWADDR    | out |   64|    m_axi   |       in_V       |    pointer   |
|m_axi_in_V_AWID      | out |    1|    m_axi   |       in_V       |    pointer   |
|m_axi_in_V_AWLEN     | out |   32|    m_axi   |       in_V       |    pointer   |
|m_axi_in_V_AWSIZE    | out |    3|    m_axi   |       in_V       |    pointer   |
|m_axi_in_V_AWBURST   | out |    2|    m_axi   |       in_V       |    pointer   |
|m_axi_in_V_AWLOCK    | out |    2|    m_axi   |       in_V       |    pointer   |
|m_axi_in_V_AWCACHE   | out |    4|    m_axi   |       in_V       |    pointer   |
|m_axi_in_V_AWPROT    | out |    3|    m_axi   |       in_V       |    pointer   |
|m_axi_in_V_AWQOS     | out |    4|    m_axi   |       in_V       |    pointer   |
|m_axi_in_V_AWREGION  | out |    4|    m_axi   |       in_V       |    pointer   |
|m_axi_in_V_AWUSER    | out |    1|    m_axi   |       in_V       |    pointer   |
|m_axi_in_V_WVALID    | out |    1|    m_axi   |       in_V       |    pointer   |
|m_axi_in_V_WREADY    |  in |    1|    m_axi   |       in_V       |    pointer   |
|m_axi_in_V_WDATA     | out |   16|    m_axi   |       in_V       |    pointer   |
|m_axi_in_V_WSTRB     | out |    2|    m_axi   |       in_V       |    pointer   |
|m_axi_in_V_WLAST     | out |    1|    m_axi   |       in_V       |    pointer   |
|m_axi_in_V_WID       | out |    1|    m_axi   |       in_V       |    pointer   |
|m_axi_in_V_WUSER     | out |    1|    m_axi   |       in_V       |    pointer   |
|m_axi_in_V_ARVALID   | out |    1|    m_axi   |       in_V       |    pointer   |
|m_axi_in_V_ARREADY   |  in |    1|    m_axi   |       in_V       |    pointer   |
|m_axi_in_V_ARADDR    | out |   64|    m_axi   |       in_V       |    pointer   |
|m_axi_in_V_ARID      | out |    1|    m_axi   |       in_V       |    pointer   |
|m_axi_in_V_ARLEN     | out |   32|    m_axi   |       in_V       |    pointer   |
|m_axi_in_V_ARSIZE    | out |    3|    m_axi   |       in_V       |    pointer   |
|m_axi_in_V_ARBURST   | out |    2|    m_axi   |       in_V       |    pointer   |
|m_axi_in_V_ARLOCK    | out |    2|    m_axi   |       in_V       |    pointer   |
|m_axi_in_V_ARCACHE   | out |    4|    m_axi   |       in_V       |    pointer   |
|m_axi_in_V_ARPROT    | out |    3|    m_axi   |       in_V       |    pointer   |
|m_axi_in_V_ARQOS     | out |    4|    m_axi   |       in_V       |    pointer   |
|m_axi_in_V_ARREGION  | out |    4|    m_axi   |       in_V       |    pointer   |
|m_axi_in_V_ARUSER    | out |    1|    m_axi   |       in_V       |    pointer   |
|m_axi_in_V_RVALID    |  in |    1|    m_axi   |       in_V       |    pointer   |
|m_axi_in_V_RREADY    | out |    1|    m_axi   |       in_V       |    pointer   |
|m_axi_in_V_RDATA     |  in |   16|    m_axi   |       in_V       |    pointer   |
|m_axi_in_V_RLAST     |  in |    1|    m_axi   |       in_V       |    pointer   |
|m_axi_in_V_RID       |  in |    1|    m_axi   |       in_V       |    pointer   |
|m_axi_in_V_RUSER     |  in |    1|    m_axi   |       in_V       |    pointer   |
|m_axi_in_V_RRESP     |  in |    2|    m_axi   |       in_V       |    pointer   |
|m_axi_in_V_BVALID    |  in |    1|    m_axi   |       in_V       |    pointer   |
|m_axi_in_V_BREADY    | out |    1|    m_axi   |       in_V       |    pointer   |
|m_axi_in_V_BRESP     |  in |    2|    m_axi   |       in_V       |    pointer   |
|m_axi_in_V_BID       |  in |    1|    m_axi   |       in_V       |    pointer   |
|m_axi_in_V_BUSER     |  in |    1|    m_axi   |       in_V       |    pointer   |
|in_V_offset          |  in |   64|   ap_none  |    in_V_offset   |    scalar    |
|out_V_V_TDATA        | out |   16|    axis    |      out_V_V     |    pointer   |
|out_V_V_TVALID       | out |    1|    axis    |      out_V_V     |    pointer   |
|out_V_V_TREADY       |  in |    1|    axis    |      out_V_V     |    pointer   |
|numReps              |  in |   32|   ap_none  |      numReps     |    scalar    |
+---------------------+-----+-----+------------+------------------+--------------+

