

================================================================
== Vivado HLS Report for 'StreamingDataflowPartition_0_IODMA_0'
================================================================
* Date:           Wed Jan 27 05:57:13 2021

* Version:        2020.1 (Build 2897737 on Wed May 27 20:21:37 MDT 2020)
* Project:        project_StreamingDataflowPartition_0_IODMA_0
* Solution:       sol1
* Product family: zynq
* Target device:  xc7z020-clg400-1


================================================================
== Performance Estimates
================================================================
+ Timing: 
    * Summary: 
    +--------+----------+----------+------------+
    |  Clock |  Target  | Estimated| Uncertainty|
    +--------+----------+----------+------------+
    |ap_clk  | 10.00 ns | 8.750 ns |   1.25 ns  |
    +--------+----------+----------+------------+

+ Latency: 
    * Summary: 
    +---------+---------+----------+----------+-----+-----+----------+
    |  Latency (cycles) |  Latency (absolute) |  Interval | Pipeline |
    |   min   |   max   |    min   |    max   | min | max |   Type   |
    +---------+---------+----------+----------+-----+-----+----------+
    |        ?|        ?|         ?|         ?|    ?|    ?| dataflow |
    +---------+---------+----------+----------+-----+-----+----------+

    + Detail: 
        * Instance: 
        +---------------------+------------------+---------+---------+----------+----------+-----+-----+---------+
        |                     |                  |  Latency (cycles) |  Latency (absolute) |  Interval | Pipeline|
        |       Instance      |      Module      |   min   |   max   |    min   |    max   | min | max |   Type  |
        +---------------------+------------------+---------+---------+----------+----------+-----+-----+---------+
        |Mem2Stream_Batch_U0  |Mem2Stream_Batch  |        ?|        ?|         ?|         ?|    ?|    ?|   none  |
        +---------------------+------------------+---------+---------+----------+----------+-----+-----+---------+

        * Loop: 
        N/A



================================================================
== Utilization Estimates
================================================================
* Summary: 
+-----------------+---------+-------+--------+-------+-----+
|       Name      | BRAM_18K| DSP48E|   FF   |  LUT  | URAM|
+-----------------+---------+-------+--------+-------+-----+
|DSP              |        -|      -|       -|      -|    -|
|Expression       |        -|      -|       -|      -|    -|
|FIFO             |        -|      -|       -|      -|    -|
|Instance         |        2|      -|     983|   1795|    -|
|Memory           |        -|      -|       -|      -|    -|
|Multiplexer      |        -|      -|       -|      -|    -|
|Register         |        -|      -|       -|      -|    -|
+-----------------+---------+-------+--------+-------+-----+
|Total            |        2|      0|     983|   1795|    0|
+-----------------+---------+-------+--------+-------+-----+
|Available        |      280|    220|  106400|  53200|    0|
+-----------------+---------+-------+--------+-------+-----+
|Utilization (%)  |    ~0   |      0|   ~0   |      3|    0|
+-----------------+---------+-------+--------+-------+-----+

+ Detail: 
    * Instance: 
    +------------------------------------------------------+----------------------------------------------------+---------+-------+-----+-----+-----+
    |                       Instance                       |                       Module                       | BRAM_18K| DSP48E|  FF | LUT | URAM|
    +------------------------------------------------------+----------------------------------------------------+---------+-------+-----+-----+-----+
    |Mem2Stream_Batch_U0                                   |Mem2Stream_Batch                                    |        0|      0|  302|  886|    0|
    |StreamingDataflowPartition_0_IODMA_0_control_s_axi_U  |StreamingDataflowPartition_0_IODMA_0_control_s_axi  |        0|      0|  144|  232|    0|
    |StreamingDataflowPartition_0_IODMA_0_gmem_m_axi_U     |StreamingDataflowPartition_0_IODMA_0_gmem_m_axi     |        2|      0|  537|  677|    0|
    +------------------------------------------------------+----------------------------------------------------+---------+-------+-----+-----+-----+
    |Total                                                 |                                                    |        2|      0|  983| 1795|    0|
    +------------------------------------------------------+----------------------------------------------------+---------+-------+-----+-----+-----+

    * DSP48E: 
    N/A

    * Memory: 
    N/A

    * FIFO: 
    N/A

    * Expression: 
    N/A

    * Multiplexer: 
    N/A

    * Register: 
    N/A



================================================================
== Interface
================================================================
* Summary: 
+-----------------------+-----+-----+------------+--------------------------------------+--------------+
|       RTL Ports       | Dir | Bits|  Protocol  |             Source Object            |    C Type    |
+-----------------------+-----+-----+------------+--------------------------------------+--------------+
|s_axi_control_AWVALID  |  in |    1|    s_axi   |                control               |    scalar    |
|s_axi_control_AWREADY  | out |    1|    s_axi   |                control               |    scalar    |
|s_axi_control_AWADDR   |  in |    6|    s_axi   |                control               |    scalar    |
|s_axi_control_WVALID   |  in |    1|    s_axi   |                control               |    scalar    |
|s_axi_control_WREADY   | out |    1|    s_axi   |                control               |    scalar    |
|s_axi_control_WDATA    |  in |   32|    s_axi   |                control               |    scalar    |
|s_axi_control_WSTRB    |  in |    4|    s_axi   |                control               |    scalar    |
|s_axi_control_ARVALID  |  in |    1|    s_axi   |                control               |    scalar    |
|s_axi_control_ARREADY  | out |    1|    s_axi   |                control               |    scalar    |
|s_axi_control_ARADDR   |  in |    6|    s_axi   |                control               |    scalar    |
|s_axi_control_RVALID   | out |    1|    s_axi   |                control               |    scalar    |
|s_axi_control_RREADY   |  in |    1|    s_axi   |                control               |    scalar    |
|s_axi_control_RDATA    | out |   32|    s_axi   |                control               |    scalar    |
|s_axi_control_RRESP    | out |    2|    s_axi   |                control               |    scalar    |
|s_axi_control_BVALID   | out |    1|    s_axi   |                control               |    scalar    |
|s_axi_control_BREADY   |  in |    1|    s_axi   |                control               |    scalar    |
|s_axi_control_BRESP    | out |    2|    s_axi   |                control               |    scalar    |
|ap_clk                 |  in |    1| ap_ctrl_hs | StreamingDataflowPartition_0_IODMA_0 | return value |
|ap_rst_n               |  in |    1| ap_ctrl_hs | StreamingDataflowPartition_0_IODMA_0 | return value |
|interrupt              | out |    1| ap_ctrl_hs | StreamingDataflowPartition_0_IODMA_0 | return value |
|m_axi_gmem_AWVALID     | out |    1|    m_axi   |                 gmem                 |    pointer   |
|m_axi_gmem_AWREADY     |  in |    1|    m_axi   |                 gmem                 |    pointer   |
|m_axi_gmem_AWADDR      | out |   64|    m_axi   |                 gmem                 |    pointer   |
|m_axi_gmem_AWID        | out |    1|    m_axi   |                 gmem                 |    pointer   |
|m_axi_gmem_AWLEN       | out |    8|    m_axi   |                 gmem                 |    pointer   |
|m_axi_gmem_AWSIZE      | out |    3|    m_axi   |                 gmem                 |    pointer   |
|m_axi_gmem_AWBURST     | out |    2|    m_axi   |                 gmem                 |    pointer   |
|m_axi_gmem_AWLOCK      | out |    2|    m_axi   |                 gmem                 |    pointer   |
|m_axi_gmem_AWCACHE     | out |    4|    m_axi   |                 gmem                 |    pointer   |
|m_axi_gmem_AWPROT      | out |    3|    m_axi   |                 gmem                 |    pointer   |
|m_axi_gmem_AWQOS       | out |    4|    m_axi   |                 gmem                 |    pointer   |
|m_axi_gmem_AWREGION    | out |    4|    m_axi   |                 gmem                 |    pointer   |
|m_axi_gmem_AWUSER      | out |    1|    m_axi   |                 gmem                 |    pointer   |
|m_axi_gmem_WVALID      | out |    1|    m_axi   |                 gmem                 |    pointer   |
|m_axi_gmem_WREADY      |  in |    1|    m_axi   |                 gmem                 |    pointer   |
|m_axi_gmem_WDATA       | out |   32|    m_axi   |                 gmem                 |    pointer   |
|m_axi_gmem_WSTRB       | out |    4|    m_axi   |                 gmem                 |    pointer   |
|m_axi_gmem_WLAST       | out |    1|    m_axi   |                 gmem                 |    pointer   |
|m_axi_gmem_WID         | out |    1|    m_axi   |                 gmem                 |    pointer   |
|m_axi_gmem_WUSER       | out |    1|    m_axi   |                 gmem                 |    pointer   |
|m_axi_gmem_ARVALID     | out |    1|    m_axi   |                 gmem                 |    pointer   |
|m_axi_gmem_ARREADY     |  in |    1|    m_axi   |                 gmem                 |    pointer   |
|m_axi_gmem_ARADDR      | out |   64|    m_axi   |                 gmem                 |    pointer   |
|m_axi_gmem_ARID        | out |    1|    m_axi   |                 gmem                 |    pointer   |
|m_axi_gmem_ARLEN       | out |    8|    m_axi   |                 gmem                 |    pointer   |
|m_axi_gmem_ARSIZE      | out |    3|    m_axi   |                 gmem                 |    pointer   |
|m_axi_gmem_ARBURST     | out |    2|    m_axi   |                 gmem                 |    pointer   |
|m_axi_gmem_ARLOCK      | out |    2|    m_axi   |                 gmem                 |    pointer   |
|m_axi_gmem_ARCACHE     | out |    4|    m_axi   |                 gmem                 |    pointer   |
|m_axi_gmem_ARPROT      | out |    3|    m_axi   |                 gmem                 |    pointer   |
|m_axi_gmem_ARQOS       | out |    4|    m_axi   |                 gmem                 |    pointer   |
|m_axi_gmem_ARREGION    | out |    4|    m_axi   |                 gmem                 |    pointer   |
|m_axi_gmem_ARUSER      | out |    1|    m_axi   |                 gmem                 |    pointer   |
|m_axi_gmem_RVALID      |  in |    1|    m_axi   |                 gmem                 |    pointer   |
|m_axi_gmem_RREADY      | out |    1|    m_axi   |                 gmem                 |    pointer   |
|m_axi_gmem_RDATA       |  in |   32|    m_axi   |                 gmem                 |    pointer   |
|m_axi_gmem_RLAST       |  in |    1|    m_axi   |                 gmem                 |    pointer   |
|m_axi_gmem_RID         |  in |    1|    m_axi   |                 gmem                 |    pointer   |
|m_axi_gmem_RUSER       |  in |    1|    m_axi   |                 gmem                 |    pointer   |
|m_axi_gmem_RRESP       |  in |    2|    m_axi   |                 gmem                 |    pointer   |
|m_axi_gmem_BVALID      |  in |    1|    m_axi   |                 gmem                 |    pointer   |
|m_axi_gmem_BREADY      | out |    1|    m_axi   |                 gmem                 |    pointer   |
|m_axi_gmem_BRESP       |  in |    2|    m_axi   |                 gmem                 |    pointer   |
|m_axi_gmem_BID         |  in |    1|    m_axi   |                 gmem                 |    pointer   |
|m_axi_gmem_BUSER       |  in |    1|    m_axi   |                 gmem                 |    pointer   |
|out_V_V_TDATA          | out |   16|    axis    |                out_V_V               |    pointer   |
|out_V_V_TVALID         | out |    1|    axis    |                out_V_V               |    pointer   |
|out_V_V_TREADY         |  in |    1|    axis    |                out_V_V               |    pointer   |
+-----------------------+-----+-----+------------+--------------------------------------+--------------+

