

================================================================
== Vivado HLS Report for 'Stream2Mem_Batch'
================================================================
* Date:           Wed Jan 27 06:08:44 2021

* Version:        2020.1 (Build 2897737 on Wed May 27 20:21:37 MDT 2020)
* Project:        project_StreamingDataflowPartition_2_IODMA_0
* Solution:       sol1
* Product family: zynq
* Target device:  xc7z020-clg400-1


================================================================
== Performance Estimates
================================================================
+ Timing: 
    * Summary: 
    +--------+----------+----------+------------+
    |  Clock |  Target  | Estimated| Uncertainty|
    +--------+----------+----------+------------+
    |ap_clk  | 10.00 ns | 8.750 ns |   1.25 ns  |
    +--------+----------+----------+------------+

+ Latency: 
    * Summary: 
    +---------+---------+----------+----------+-----+-----+---------+
    |  Latency (cycles) |  Latency (absolute) |  Interval | Pipeline|
    |   min   |   max   |    min   |    max   | min | max |   Type  |
    +---------+---------+----------+----------+-----+-----+---------+
    |        ?|        ?|         ?|         ?|    ?|    ?|   none  |
    +---------+---------+----------+----------+-----+-----+---------+

    + Detail: 
        * Instance: 
        +-------------------------------+---------------------+---------+---------+-----------+-----------+-----+-----+----------+
        |                               |                     |  Latency (cycles) |   Latency (absolute)  |  Interval | Pipeline |
        |            Instance           |        Module       |   min   |   max   |    min    |    max    | min | max |   Type   |
        +-------------------------------+---------------------+---------+---------+-----------+-----------+-----+-----+----------+
        |grp_Stream2Mem_8u_16u_s_fu_54  |Stream2Mem_8u_16u_s  |       23|       23|  0.230 us |  0.230 us |   23|   23|   none   |
        |grp_Stream2Mem_8u_1u_s_fu_64   |Stream2Mem_8u_1u_s   |        7|        7| 70.000 ns | 70.000 ns |    1|    1| function |
        +-------------------------------+---------------------+---------+---------+-----------+-----------+-----+-----+----------+

        * Loop: 
        +----------+---------+---------+----------+-----------+-----------+------+----------+
        |          |  Latency (cycles) | Iteration|  Initiation Interval  | Trip |          |
        | Loop Name|   min   |   max   |  Latency |  achieved |   target  | Count| Pipelined|
        +----------+---------+---------+----------+-----------+-----------+------+----------+
        |- Loop 1  |        ?|        ?|  9 ~ 26  |          -|          -|     ?|    no    |
        +----------+---------+---------+----------+-----------+-----------+------+----------+



================================================================
== Utilization Estimates
================================================================
* Summary: 
+-----------------+---------+-------+--------+-------+-----+
|       Name      | BRAM_18K| DSP48E|   FF   |  LUT  | URAM|
+-----------------+---------+-------+--------+-------+-----+
|DSP              |        -|      -|       -|      -|    -|
|Expression       |        -|      -|       0|    150|    -|
|FIFO             |        -|      -|       -|      -|    -|
|Instance         |        -|      -|     176|    328|    -|
|Memory           |        -|      -|       -|      -|    -|
|Multiplexer      |        -|      -|       -|    413|    -|
|Register         |        -|      -|      79|      -|    -|
+-----------------+---------+-------+--------+-------+-----+
|Total            |        0|      0|     255|    891|    0|
+-----------------+---------+-------+--------+-------+-----+
|Available        |      280|    220|  106400|  53200|    0|
+-----------------+---------+-------+--------+-------+-----+
|Utilization (%)  |        0|      0|   ~0   |      1|    0|
+-----------------+---------+-------+--------+-------+-----+

+ Detail: 
    * Instance: 
    +-------------------------------+---------------------+---------+-------+----+-----+-----+
    |            Instance           |        Module       | BRAM_18K| DSP48E| FF | LUT | URAM|
    +-------------------------------+---------------------+---------+-------+----+-----+-----+
    |grp_Stream2Mem_8u_16u_s_fu_54  |Stream2Mem_8u_16u_s  |        0|      0|  88|  213|    0|
    |grp_Stream2Mem_8u_1u_s_fu_64   |Stream2Mem_8u_1u_s   |        0|      0|  88|  115|    0|
    +-------------------------------+---------------------+---------+-------+----+-----+-----+
    |Total                          |                     |        0|      0| 176|  328|    0|
    +-------------------------------+---------------------+---------+-------+----+-----+-----+

    * DSP48E: 
    N/A

    * Memory: 
    N/A

    * FIFO: 
    N/A

    * Expression: 
    +---------------------+----------+-------+---+----+------------+------------+
    |    Variable Name    | Operation| DSP48E| FF| LUT| Bitwidth P0| Bitwidth P1|
    +---------------------+----------+-------+---+----+------------+------------+
    |rep_3_fu_103_p2      |     +    |      0|  0|  39|          32|           1|
    |rep_fu_113_p2        |     +    |      0|  0|  39|          32|           5|
    |repsLeft_fu_88_p2    |     -    |      0|  0|  39|          32|          32|
    |ap_block_state10     |    and   |      0|  0|   2|           1|           1|
    |icmp_ln187_fu_83_p2  |   icmp   |      0|  0|  18|          32|          32|
    |icmp_ln189_fu_97_p2  |   icmp   |      0|  0|   9|           4|           1|
    |ap_block_state1      |    or    |      0|  0|   2|           1|           1|
    |ap_block_state3      |    or    |      0|  0|   2|           1|           1|
    +---------------------+----------+-------+---+----+------------+------------+
    |Total                |          |      0|  0| 150|         135|          74|
    +---------------------+----------+-------+---+----+------------+------------+

    * Multiplexer: 
    +----------------------+----+-----------+-----+-----------+
    |         Name         | LUT| Input Size| Bits| Total Bits|
    +----------------------+----+-----------+-----+-----------+
    |ap_NS_fsm             |  53|         12|    1|         12|
    |ap_done               |   9|          2|    1|          2|
    |in_V_V_TDATA_blk_n    |   9|          2|    1|          2|
    |in_V_V_TREADY_int     |  15|          3|    1|          3|
    |m_axi_out_V_AWADDR    |  15|          3|   64|        192|
    |m_axi_out_V_AWBURST   |  15|          3|    2|          6|
    |m_axi_out_V_AWCACHE   |  15|          3|    4|         12|
    |m_axi_out_V_AWID      |  15|          3|    1|          3|
    |m_axi_out_V_AWLEN     |  15|          3|   32|         96|
    |m_axi_out_V_AWLOCK    |  15|          3|    2|          6|
    |m_axi_out_V_AWPROT    |  15|          3|    3|          9|
    |m_axi_out_V_AWQOS     |  15|          3|    4|         12|
    |m_axi_out_V_AWREGION  |  15|          3|    4|         12|
    |m_axi_out_V_AWSIZE    |  15|          3|    3|          9|
    |m_axi_out_V_AWUSER    |  15|          3|    1|          3|
    |m_axi_out_V_AWVALID   |  15|          3|    1|          3|
    |m_axi_out_V_BREADY    |  15|          3|    1|          3|
    |m_axi_out_V_WDATA     |  15|          3|    8|         24|
    |m_axi_out_V_WID       |  15|          3|    1|          3|
    |m_axi_out_V_WLAST     |  15|          3|    1|          3|
    |m_axi_out_V_WSTRB     |  15|          3|    1|          3|
    |m_axi_out_V_WUSER     |  15|          3|    1|          3|
    |m_axi_out_V_WVALID    |  15|          3|    1|          3|
    |out_V_blk_n_AW        |   9|          2|    1|          2|
    |out_V_blk_n_B         |   9|          2|    1|          2|
    |out_V_blk_n_W         |   9|          2|    1|          2|
    |rep_2_fu_38           |  15|          3|   32|         96|
    +----------------------+----+-----------+-----+-----------+
    |Total                 | 413|         85|  174|        526|
    +----------------------+----+-----------+-----+-----------+

    * Register: 
    +--------------------------------------------+----+----+-----+-----------+
    |                    Name                    | FF | LUT| Bits| Const Bits|
    +--------------------------------------------+----+----+-----+-----------+
    |ap_CS_fsm                                   |  11|   0|   11|          0|
    |ap_done_reg                                 |   1|   0|    1|          0|
    |grp_Stream2Mem_8u_16u_s_fu_54_ap_start_reg  |   1|   0|    1|          0|
    |grp_Stream2Mem_8u_1u_s_fu_64_ap_start_reg   |   1|   0|    1|          0|
    |icmp_ln189_reg_154                          |   1|   0|    1|          0|
    |rep_2_fu_38                                 |  32|   0|   32|          0|
    |rep_2_load_reg_143                          |  32|   0|   32|          0|
    +--------------------------------------------+----+----+-----+-----------+
    |Total                                       |  79|   0|   79|          0|
    +--------------------------------------------+----+----+-----+-----------+



================================================================
== Interface
================================================================
* Summary: 
+----------------------+-----+-----+------------+------------------+--------------+
|       RTL Ports      | Dir | Bits|  Protocol  |   Source Object  |    C Type    |
+----------------------+-----+-----+------------+------------------+--------------+
|ap_clk                |  in |    1| ap_ctrl_hs | Stream2Mem_Batch | return value |
|ap_rst                |  in |    1| ap_ctrl_hs | Stream2Mem_Batch | return value |
|ap_start              |  in |    1| ap_ctrl_hs | Stream2Mem_Batch | return value |
|ap_done               | out |    1| ap_ctrl_hs | Stream2Mem_Batch | return value |
|ap_continue           |  in |    1| ap_ctrl_hs | Stream2Mem_Batch | return value |
|ap_idle               | out |    1| ap_ctrl_hs | Stream2Mem_Batch | return value |
|ap_ready              | out |    1| ap_ctrl_hs | Stream2Mem_Batch | return value |
|in_V_V_TDATA          |  in |    8|    axis    |      in_V_V      |    pointer   |
|in_V_V_TVALID         |  in |    1|    axis    |      in_V_V      |    pointer   |
|in_V_V_TREADY         | out |    1|    axis    |      in_V_V      |    pointer   |
|m_axi_out_V_AWVALID   | out |    1|    m_axi   |       out_V      |    pointer   |
|m_axi_out_V_AWREADY   |  in |    1|    m_axi   |       out_V      |    pointer   |
|m_axi_out_V_AWADDR    | out |   64|    m_axi   |       out_V      |    pointer   |
|m_axi_out_V_AWID      | out |    1|    m_axi   |       out_V      |    pointer   |
|m_axi_out_V_AWLEN     | out |   32|    m_axi   |       out_V      |    pointer   |
|m_axi_out_V_AWSIZE    | out |    3|    m_axi   |       out_V      |    pointer   |
|m_axi_out_V_AWBURST   | out |    2|    m_axi   |       out_V      |    pointer   |
|m_axi_out_V_AWLOCK    | out |    2|    m_axi   |       out_V      |    pointer   |
|m_axi_out_V_AWCACHE   | out |    4|    m_axi   |       out_V      |    pointer   |
|m_axi_out_V_AWPROT    | out |    3|    m_axi   |       out_V      |    pointer   |
|m_axi_out_V_AWQOS     | out |    4|    m_axi   |       out_V      |    pointer   |
|m_axi_out_V_AWREGION  | out |    4|    m_axi   |       out_V      |    pointer   |
|m_axi_out_V_AWUSER    | out |    1|    m_axi   |       out_V      |    pointer   |
|m_axi_out_V_WVALID    | out |    1|    m_axi   |       out_V      |    pointer   |
|m_axi_out_V_WREADY    |  in |    1|    m_axi   |       out_V      |    pointer   |
|m_axi_out_V_WDATA     | out |    8|    m_axi   |       out_V      |    pointer   |
|m_axi_out_V_WSTRB     | out |    1|    m_axi   |       out_V      |    pointer   |
|m_axi_out_V_WLAST     | out |    1|    m_axi   |       out_V      |    pointer   |
|m_axi_out_V_WID       | out |    1|    m_axi   |       out_V      |    pointer   |
|m_axi_out_V_WUSER     | out |    1|    m_axi   |       out_V      |    pointer   |
|m_axi_out_V_ARVALID   | out |    1|    m_axi   |       out_V      |    pointer   |
|m_axi_out_V_ARREADY   |  in |    1|    m_axi   |       out_V      |    pointer   |
|m_axi_out_V_ARADDR    | out |   64|    m_axi   |       out_V      |    pointer   |
|m_axi_out_V_ARID      | out |    1|    m_axi   |       out_V      |    pointer   |
|m_axi_out_V_ARLEN     | out |   32|    m_axi   |       out_V      |    pointer   |
|m_axi_out_V_ARSIZE    | out |    3|    m_axi   |       out_V      |    pointer   |
|m_axi_out_V_ARBURST   | out |    2|    m_axi   |       out_V      |    pointer   |
|m_axi_out_V_ARLOCK    | out |    2|    m_axi   |       out_V      |    pointer   |
|m_axi_out_V_ARCACHE   | out |    4|    m_axi   |       out_V      |    pointer   |
|m_axi_out_V_ARPROT    | out |    3|    m_axi   |       out_V      |    pointer   |
|m_axi_out_V_ARQOS     | out |    4|    m_axi   |       out_V      |    pointer   |
|m_axi_out_V_ARREGION  | out |    4|    m_axi   |       out_V      |    pointer   |
|m_axi_out_V_ARUSER    | out |    1|    m_axi   |       out_V      |    pointer   |
|m_axi_out_V_RVALID    |  in |    1|    m_axi   |       out_V      |    pointer   |
|m_axi_out_V_RREADY    | out |    1|    m_axi   |       out_V      |    pointer   |
|m_axi_out_V_RDATA     |  in |    8|    m_axi   |       out_V      |    pointer   |
|m_axi_out_V_RLAST     |  in |    1|    m_axi   |       out_V      |    pointer   |
|m_axi_out_V_RID       |  in |    1|    m_axi   |       out_V      |    pointer   |
|m_axi_out_V_RUSER     |  in |    1|    m_axi   |       out_V      |    pointer   |
|m_axi_out_V_RRESP     |  in |    2|    m_axi   |       out_V      |    pointer   |
|m_axi_out_V_BVALID    |  in |    1|    m_axi   |       out_V      |    pointer   |
|m_axi_out_V_BREADY    | out |    1|    m_axi   |       out_V      |    pointer   |
|m_axi_out_V_BRESP     |  in |    2|    m_axi   |       out_V      |    pointer   |
|m_axi_out_V_BID       |  in |    1|    m_axi   |       out_V      |    pointer   |
|m_axi_out_V_BUSER     |  in |    1|    m_axi   |       out_V      |    pointer   |
|out_V_offset          |  in |   64|   ap_none  |   out_V_offset   |    scalar    |
|numReps               |  in |   32|   ap_none  |      numReps     |    scalar    |
+----------------------+-----+-----+------------+------------------+--------------+

