

================================================================
== Vivado HLS Report for 'Mem2Stream'
================================================================
* Date:           Wed Jan 27 05:57:13 2021

* Version:        2020.1 (Build 2897737 on Wed May 27 20:21:37 MDT 2020)
* Project:        project_StreamingDataflowPartition_0_IODMA_0
* Solution:       sol1
* Product family: zynq
* Target device:  xc7z020-clg400-1


================================================================
== Performance Estimates
================================================================
+ Timing: 
    * Summary: 
    +--------+----------+----------+------------+
    |  Clock |  Target  | Estimated| Uncertainty|
    +--------+----------+----------+------------+
    |ap_clk  | 10.00 ns | 8.750 ns |   1.25 ns  |
    +--------+----------+----------+------------+

+ Latency: 
    * Summary: 
    +---------+---------+----------+----------+-----+-----+---------+
    |  Latency (cycles) |  Latency (absolute) |  Interval | Pipeline|
    |   min   |   max   |    min   |    max   | min | max |   Type  |
    +---------+---------+----------+----------+-----+-----+---------+
    |      649|      649| 6.490 us | 6.490 us |  649|  649|   none  |
    +---------+---------+----------+----------+-----+-----+---------+

    + Detail: 
        * Instance: 
        N/A

        * Loop: 
        +----------+---------+---------+----------+-----------+-----------+------+----------+
        |          |  Latency (cycles) | Iteration|  Initiation Interval  | Trip |          |
        | Loop Name|   min   |   max   |  Latency |  achieved |   target  | Count| Pipelined|
        +----------+---------+---------+----------+-----------+-----------+------+----------+
        |- Loop 1  |      640|      640|         2|          1|          1|   640|    yes   |
        +----------+---------+---------+----------+-----------+-----------+------+----------+

============================================================
+ Verbose Summary: Synthesis Manager
============================================================
InlineROM: 1
ExposeGlobal: 0
============================================================
+ Verbose Summary: CDFG Model
============================================================
IsTopModel: 0
ResetActiveHigh: 1
IsCombinational: 0
IsDatapathOnly: 0
HasWiredReturn: 1
HasMFsm: 0
HasVarLatency: 1
IsPipeline: 0
IsRtlPipelined: 0
IsInstanceOverlapped: 0
IsDontTouch: 0
HasImplIP: 0
IsGatedGlobalClock: 0

+ Individual pipeline summary: 
  * Pipeline-0: initiation interval (II) = 1, depth = 2


============================================================
+ Verbose Summary: Schedule
============================================================
* Number of FSM states : 11
* Pipeline : 1
  Pipeline-0 : II = 1, D = 2, States = { 9 10 }
* Dataflow Pipeline: 0

* FSM state transitions: 
1 --> 2 
2 --> 3 
3 --> 4 
4 --> 5 
5 --> 6 
6 --> 7 
7 --> 8 
8 --> 9 
9 --> 11 10 
10 --> 9 
11 --> 

* FSM state operations: 

State 1 <SV = 0> <Delay = 3.49>
ST_1 : Operation 12 [1/1] (0.00ns)   --->   "%in_V_offset1_read = call i32 @_ssdm_op_Read.ap_auto.i32(i32 %in_V_offset1)"   --->   Operation 12 'read' 'in_V_offset1_read' <Predicate = true> <Delay = 0.00>
ST_1 : Operation 13 [1/1] (0.00ns)   --->   "%in_V_offset_read = call i63 @_ssdm_op_Read.ap_auto.i63(i63 %in_V_offset)"   --->   Operation 13 'read' 'in_V_offset_read' <Predicate = true> <Delay = 0.00>
ST_1 : Operation 14 [1/1] (0.00ns)   --->   "%in_V_offset_cast = zext i63 %in_V_offset_read to i64"   --->   Operation 14 'zext' 'in_V_offset_cast' <Predicate = true> <Delay = 0.00>
ST_1 : Operation 15 [1/1] (0.00ns)   --->   "%zext_ln142 = zext i32 %in_V_offset1_read to i64" [/workspace/finn-hlslib/dma.h:142]   --->   Operation 15 'zext' 'zext_ln142' <Predicate = true> <Delay = 0.00>
ST_1 : Operation 16 [1/1] (3.49ns)   --->   "%add_ln142 = add i64 %zext_ln142, %in_V_offset_cast" [/workspace/finn-hlslib/dma.h:142]   --->   Operation 16 'add' 'add_ln142' <Predicate = true> <Delay = 3.49> <Core = "AddSub">   --->   Core 14 'AddSub' <Latency = 0> <II = 1> <Delay = 3.49> <FuncUnit> <Opcode : 'add' 'sub'> <InPorts = 2> <OutPorts = 1>
ST_1 : Operation 17 [1/1] (0.00ns)   --->   "%in_V_addr = getelementptr i16* %in_V, i64 %add_ln142" [/workspace/finn-hlslib/dma.h:142]   --->   Operation 17 'getelementptr' 'in_V_addr' <Predicate = true> <Delay = 0.00>

State 2 <SV = 1> <Delay = 8.75>
ST_2 : Operation 18 [7/7] (8.75ns)   --->   "%in_V_addr_rd_req = call i1 @_ssdm_op_ReadReq.m_axi.i16P(i16* %in_V_addr, i32 640)" [/workspace/finn-hlslib/dma.h:142]   --->   Operation 18 'readreq' 'in_V_addr_rd_req' <Predicate = true> <Delay = 8.75> <Core = "m_axi">   --->   Core 9 'm_axi' <Latency = 6> <II = 1> <Delay = 1.00> <Adapter> <Opcode : 'read' 'write' 'readreq' 'writereq' 'writeresp'>

State 3 <SV = 2> <Delay = 8.75>
ST_3 : Operation 19 [6/7] (8.75ns)   --->   "%in_V_addr_rd_req = call i1 @_ssdm_op_ReadReq.m_axi.i16P(i16* %in_V_addr, i32 640)" [/workspace/finn-hlslib/dma.h:142]   --->   Operation 19 'readreq' 'in_V_addr_rd_req' <Predicate = true> <Delay = 8.75> <Core = "m_axi">   --->   Core 9 'm_axi' <Latency = 6> <II = 1> <Delay = 1.00> <Adapter> <Opcode : 'read' 'write' 'readreq' 'writereq' 'writeresp'>

State 4 <SV = 3> <Delay = 8.75>
ST_4 : Operation 20 [5/7] (8.75ns)   --->   "%in_V_addr_rd_req = call i1 @_ssdm_op_ReadReq.m_axi.i16P(i16* %in_V_addr, i32 640)" [/workspace/finn-hlslib/dma.h:142]   --->   Operation 20 'readreq' 'in_V_addr_rd_req' <Predicate = true> <Delay = 8.75> <Core = "m_axi">   --->   Core 9 'm_axi' <Latency = 6> <II = 1> <Delay = 1.00> <Adapter> <Opcode : 'read' 'write' 'readreq' 'writereq' 'writeresp'>

State 5 <SV = 4> <Delay = 8.75>
ST_5 : Operation 21 [4/7] (8.75ns)   --->   "%in_V_addr_rd_req = call i1 @_ssdm_op_ReadReq.m_axi.i16P(i16* %in_V_addr, i32 640)" [/workspace/finn-hlslib/dma.h:142]   --->   Operation 21 'readreq' 'in_V_addr_rd_req' <Predicate = true> <Delay = 8.75> <Core = "m_axi">   --->   Core 9 'm_axi' <Latency = 6> <II = 1> <Delay = 1.00> <Adapter> <Opcode : 'read' 'write' 'readreq' 'writereq' 'writeresp'>

State 6 <SV = 5> <Delay = 8.75>
ST_6 : Operation 22 [3/7] (8.75ns)   --->   "%in_V_addr_rd_req = call i1 @_ssdm_op_ReadReq.m_axi.i16P(i16* %in_V_addr, i32 640)" [/workspace/finn-hlslib/dma.h:142]   --->   Operation 22 'readreq' 'in_V_addr_rd_req' <Predicate = true> <Delay = 8.75> <Core = "m_axi">   --->   Core 9 'm_axi' <Latency = 6> <II = 1> <Delay = 1.00> <Adapter> <Opcode : 'read' 'write' 'readreq' 'writereq' 'writeresp'>

State 7 <SV = 6> <Delay = 8.75>
ST_7 : Operation 23 [2/7] (8.75ns)   --->   "%in_V_addr_rd_req = call i1 @_ssdm_op_ReadReq.m_axi.i16P(i16* %in_V_addr, i32 640)" [/workspace/finn-hlslib/dma.h:142]   --->   Operation 23 'readreq' 'in_V_addr_rd_req' <Predicate = true> <Delay = 8.75> <Core = "m_axi">   --->   Core 9 'm_axi' <Latency = 6> <II = 1> <Delay = 1.00> <Adapter> <Opcode : 'read' 'write' 'readreq' 'writereq' 'writeresp'>

State 8 <SV = 7> <Delay = 8.75>
ST_8 : Operation 24 [1/1] (0.00ns)   --->   "call void (...)* @_ssdm_op_SpecInterface(i16* %in_V, [6 x i8]* @p_str3, i32 0, i32 0, [1 x i8]* @p_str1, i32 0, i32 0, [5 x i8]* @p_str4, [6 x i8]* @p_str5, [1 x i8]* @p_str1, i32 16, i32 16, i32 16, i32 16, [1 x i8]* @p_str1, [1 x i8]* @p_str1)"   --->   Operation 24 'specinterface' <Predicate = true> <Delay = 0.00>
ST_8 : Operation 25 [1/1] (0.00ns)   --->   "call void (...)* @_ssdm_op_SpecInterface(i16* %out_V_V, [5 x i8]* @p_str6, i32 0, i32 0, [5 x i8]* @p_str7, i32 0, i32 0, [1 x i8]* @p_str1, [1 x i8]* @p_str1, [1 x i8]* @p_str1, i32 0, i32 0, i32 0, i32 0, [1 x i8]* @p_str1, [1 x i8]* @p_str1) nounwind"   --->   Operation 25 'specinterface' <Predicate = true> <Delay = 0.00>
ST_8 : Operation 26 [1/7] (8.75ns)   --->   "%in_V_addr_rd_req = call i1 @_ssdm_op_ReadReq.m_axi.i16P(i16* %in_V_addr, i32 640)" [/workspace/finn-hlslib/dma.h:142]   --->   Operation 26 'readreq' 'in_V_addr_rd_req' <Predicate = true> <Delay = 8.75> <Core = "m_axi">   --->   Core 9 'm_axi' <Latency = 6> <II = 1> <Delay = 1.00> <Adapter> <Opcode : 'read' 'write' 'readreq' 'writereq' 'writeresp'>
ST_8 : Operation 27 [1/1] (1.76ns)   --->   "br label %1" [/workspace/finn-hlslib/dma.h:140]   --->   Operation 27 'br' <Predicate = true> <Delay = 1.76>

State 9 <SV = 8> <Delay = 1.77>
ST_9 : Operation 28 [1/1] (0.00ns)   --->   "%i_0 = phi i10 [ 0, %0 ], [ %i, %hls_label_0 ]"   --->   Operation 28 'phi' 'i_0' <Predicate = true> <Delay = 0.00>
ST_9 : Operation 29 [1/1] (1.77ns)   --->   "%icmp_ln140 = icmp eq i10 %i_0, -384" [/workspace/finn-hlslib/dma.h:140]   --->   Operation 29 'icmp' 'icmp_ln140' <Predicate = true> <Delay = 1.77> <Core = "Cmp">   --->   Core 25 'Cmp' <Latency = 0> <II = 1> <Delay = 1.77> <FuncUnit> <Opcode : 'icmp'> <InPorts = 2> <OutPorts = 1>
ST_9 : Operation 30 [1/1] (0.00ns)   --->   "%empty = call i32 (...)* @_ssdm_op_SpecLoopTripCount(i64 640, i64 640, i64 640)"   --->   Operation 30 'speclooptripcount' 'empty' <Predicate = true> <Delay = 0.00>
ST_9 : Operation 31 [1/1] (1.73ns)   --->   "%i = add i10 %i_0, 1" [/workspace/finn-hlslib/dma.h:140]   --->   Operation 31 'add' 'i' <Predicate = true> <Delay = 1.73> <Core = "AddSub">   --->   Core 14 'AddSub' <Latency = 0> <II = 1> <Delay = 3.49> <FuncUnit> <Opcode : 'add' 'sub'> <InPorts = 2> <OutPorts = 1>
ST_9 : Operation 32 [1/1] (0.00ns)   --->   "br i1 %icmp_ln140, label %2, label %hls_label_0" [/workspace/finn-hlslib/dma.h:140]   --->   Operation 32 'br' <Predicate = true> <Delay = 0.00>

State 10 <SV = 9> <Delay = 8.75>
ST_10 : Operation 33 [1/1] (0.00ns)   --->   "%tmp = call i32 (...)* @_ssdm_op_SpecRegionBegin([12 x i8]* @p_str9)" [/workspace/finn-hlslib/dma.h:140]   --->   Operation 33 'specregionbegin' 'tmp' <Predicate = (!icmp_ln140)> <Delay = 0.00>
ST_10 : Operation 34 [1/1] (0.00ns)   --->   "call void (...)* @_ssdm_op_SpecPipeline(i32 1, i32 1, i32 1, i32 0, [1 x i8]* @p_str1) nounwind" [/workspace/finn-hlslib/dma.h:141]   --->   Operation 34 'specpipeline' <Predicate = (!icmp_ln140)> <Delay = 0.00>
ST_10 : Operation 35 [1/1] (8.75ns)   --->   "%e_V = call i16 @_ssdm_op_Read.m_axi.i16P(i16* %in_V_addr)" [/workspace/finn-hlslib/dma.h:142]   --->   Operation 35 'read' 'e_V' <Predicate = (!icmp_ln140)> <Delay = 8.75> <Core = "m_axi">   --->   Core 9 'm_axi' <Latency = 6> <II = 1> <Delay = 1.00> <Adapter> <Opcode : 'read' 'write' 'readreq' 'writereq' 'writeresp'>
ST_10 : Operation 36 [1/1] (0.00ns)   --->   "call void @_ssdm_op_Write.axis.volatile.i16P(i16* %out_V_V, i16 %e_V)" [/workspace/finn-hlslib/dma.h:143]   --->   Operation 36 'write' <Predicate = (!icmp_ln140)> <Delay = 0.00> <Core = "AXI4Stream">   --->   Core 5 'AXI4Stream' <Latency = 0> <II = 1> <Delay = 1.00> <Adapter> <Opcode : >
ST_10 : Operation 37 [1/1] (0.00ns)   --->   "%empty_7 = call i32 (...)* @_ssdm_op_SpecRegionEnd([12 x i8]* @p_str9, i32 %tmp)" [/workspace/finn-hlslib/dma.h:144]   --->   Operation 37 'specregionend' 'empty_7' <Predicate = (!icmp_ln140)> <Delay = 0.00>
ST_10 : Operation 38 [1/1] (0.00ns)   --->   "br label %1" [/workspace/finn-hlslib/dma.h:140]   --->   Operation 38 'br' <Predicate = (!icmp_ln140)> <Delay = 0.00>

State 11 <SV = 9> <Delay = 0.00>
ST_11 : Operation 39 [1/1] (0.00ns)   --->   "ret void" [/workspace/finn-hlslib/dma.h:145]   --->   Operation 39 'ret' <Predicate = true> <Delay = 0.00>


============================================================
+ Verbose Summary: Timing violations
============================================================
Target clock period: 10ns, clock uncertainty: 1.25ns.

 <State 1>: 3.49ns
The critical path consists of the following:
	wire read on port 'in_V_offset1' [5]  (0 ns)
	'add' operation ('add_ln142', /workspace/finn-hlslib/dma.h:142) [11]  (3.49 ns)

 <State 2>: 8.75ns
The critical path consists of the following:
	bus request on port 'in_V' (/workspace/finn-hlslib/dma.h:142) [13]  (8.75 ns)

 <State 3>: 8.75ns
The critical path consists of the following:
	bus request on port 'in_V' (/workspace/finn-hlslib/dma.h:142) [13]  (8.75 ns)

 <State 4>: 8.75ns
The critical path consists of the following:
	bus request on port 'in_V' (/workspace/finn-hlslib/dma.h:142) [13]  (8.75 ns)

 <State 5>: 8.75ns
The critical path consists of the following:
	bus request on port 'in_V' (/workspace/finn-hlslib/dma.h:142) [13]  (8.75 ns)

 <State 6>: 8.75ns
The critical path consists of the following:
	bus request on port 'in_V' (/workspace/finn-hlslib/dma.h:142) [13]  (8.75 ns)

 <State 7>: 8.75ns
The critical path consists of the following:
	bus request on port 'in_V' (/workspace/finn-hlslib/dma.h:142) [13]  (8.75 ns)

 <State 8>: 8.75ns
The critical path consists of the following:
	bus request on port 'in_V' (/workspace/finn-hlslib/dma.h:142) [13]  (8.75 ns)

 <State 9>: 1.77ns
The critical path consists of the following:
	'phi' operation ('i') with incoming values : ('i', /workspace/finn-hlslib/dma.h:140) [16]  (0 ns)
	'icmp' operation ('icmp_ln140', /workspace/finn-hlslib/dma.h:140) [17]  (1.77 ns)

 <State 10>: 8.75ns
The critical path consists of the following:
	bus read on port 'in_V' (/workspace/finn-hlslib/dma.h:142) [24]  (8.75 ns)

 <State 11>: 0ns
The critical path consists of the following:


============================================================
+ Verbose Summary: Binding
============================================================
N/A
* FSMD analyzer results:
  - Output states:
 - Input state : 
  - Chain level:
	State 1
	State 2
	State 3
	State 4
	State 5
	State 6
	State 7
	State 8
	State 9
	State 10
	State 11


============================================================
+ Verbose Summary: Datapath Resource usage 
============================================================
N/A
