

================================================================
== Vivado HLS Report for 'StreamingDataflowPartition_0_IODMA_0'
================================================================
* Date:           Wed Jan 27 05:57:13 2021

* Version:        2020.1 (Build 2897737 on Wed May 27 20:21:37 MDT 2020)
* Project:        project_StreamingDataflowPartition_0_IODMA_0
* Solution:       sol1
* Product family: zynq
* Target device:  xc7z020-clg400-1


================================================================
== Performance Estimates
================================================================
+ Timing: 
    * Summary: 
    +--------+----------+----------+------------+
    |  Clock |  Target  | Estimated| Uncertainty|
    +--------+----------+----------+------------+
    |ap_clk  | 10.00 ns | 8.750 ns |   1.25 ns  |
    +--------+----------+----------+------------+

+ Latency: 
    * Summary: 
    +---------+---------+----------+----------+-----+-----+----------+
    |  Latency (cycles) |  Latency (absolute) |  Interval | Pipeline |
    |   min   |   max   |    min   |    max   | min | max |   Type   |
    +---------+---------+----------+----------+-----+-----+----------+
    |        ?|        ?|         ?|         ?|    ?|    ?| dataflow |
    +---------+---------+----------+----------+-----+-----+----------+

    + Detail: 
        * Instance: 
        N/A

        * Loop: 
        N/A

============================================================
+ Verbose Summary: Synthesis Manager
============================================================
InlineROM: 1
ExposeGlobal: 0
============================================================
+ Verbose Summary: CDFG Model
============================================================
IsTopModel: 1
ResetActiveHigh: 1
IsCombinational: 2
IsDatapathOnly: 0
HasWiredReturn: 1
HasMFsm: 0
HasVarLatency: 1
IsPipeline: 0
IsRtlPipelined: 0
IsInstanceOverlapped: 0
IsDontTouch: 0
HasImplIP: 0
IsGatedGlobalClock: 0


============================================================
+ Verbose Summary: Schedule
============================================================
* Number of FSM states : 3
* Pipeline : 0
* Dataflow Pipeline: 1
  DF-Pipeline-0: Size = 3, States = { 1 2 3 }

* FSM state transitions: 
1 --> 2 
2 --> 3 
3 --> 

* FSM state operations: 

State 1 <SV = 0> <Delay = 1.00>
ST_1 : Operation 4 [1/1] (1.00ns)   --->   "%numReps_read = call i32 @_ssdm_op_Read.s_axilite.i32(i32 %numReps)" [/tmp/finn_dev_uma/code_gen_ipgen_StreamingDataflowPartition_0_IODMA_0_jutp61ws/top_StreamingDataflowPartition_0_IODMA_0.cpp:15]   --->   Operation 4 'read' 'numReps_read' <Predicate = true> <Delay = 1.00> <Core = "s_axilite">   --->   Core 10 's_axilite' <Latency = 0> <II = 1> <Delay = 1.00> <Adapter> <Opcode : 'read' 'write'>
ST_1 : Operation 5 [1/1] (1.00ns)   --->   "%in0_V_read = call i64 @_ssdm_op_Read.s_axilite.i64(i64 %in0_V)" [/tmp/finn_dev_uma/code_gen_ipgen_StreamingDataflowPartition_0_IODMA_0_jutp61ws/top_StreamingDataflowPartition_0_IODMA_0.cpp:15]   --->   Operation 5 'read' 'in0_V_read' <Predicate = true> <Delay = 1.00> <Core = "s_axilite">   --->   Core 10 's_axilite' <Latency = 0> <II = 1> <Delay = 1.00> <Adapter> <Opcode : 'read' 'write'>
ST_1 : Operation 6 [2/2] (0.00ns)   --->   "call fastcc void @Mem2Stream_Batch(i16* %gmem, i64 %in0_V_read, i16* %out_V_V, i32 %numReps_read)" [/tmp/finn_dev_uma/code_gen_ipgen_StreamingDataflowPartition_0_IODMA_0_jutp61ws/top_StreamingDataflowPartition_0_IODMA_0.cpp:25]   --->   Operation 6 'call' <Predicate = true> <Delay = 0.00> <CoreType = "Generic">   --->   Core 0 '' <Latency = 0> <II = 1> <Delay = 1.00> <Generic> <Opcode : >

State 2 <SV = 1> <Delay = 0.00>
ST_2 : Operation 7 [1/2] (0.00ns)   --->   "call fastcc void @Mem2Stream_Batch(i16* %gmem, i64 %in0_V_read, i16* %out_V_V, i32 %numReps_read)" [/tmp/finn_dev_uma/code_gen_ipgen_StreamingDataflowPartition_0_IODMA_0_jutp61ws/top_StreamingDataflowPartition_0_IODMA_0.cpp:25]   --->   Operation 7 'call' <Predicate = true> <Delay = 0.00> <CoreType = "Generic">   --->   Core 0 '' <Latency = 0> <II = 1> <Delay = 1.00> <Generic> <Opcode : >

State 3 <SV = 2> <Delay = 0.00>
ST_3 : Operation 8 [1/1] (0.00ns)   --->   "call void (...)* @_ssdm_op_SpecBitsMap(i16* %gmem), !map !43"   --->   Operation 8 'specbitsmap' <Predicate = true> <Delay = 0.00>
ST_3 : Operation 9 [1/1] (0.00ns)   --->   "call void (...)* @_ssdm_op_SpecDataflowPipeline(i32 -1, i32 0, [1 x i8]* @p_str1) nounwind" [/tmp/finn_dev_uma/code_gen_ipgen_StreamingDataflowPartition_0_IODMA_0_jutp61ws/top_StreamingDataflowPartition_0_IODMA_0.cpp:22]   --->   Operation 9 'specdataflowpipeline' <Predicate = true> <Delay = 0.00>
ST_3 : Operation 10 [1/1] (0.00ns)   --->   "call void (...)* @_ssdm_op_SpecBitsMap(i16* %out_V_V), !map !47"   --->   Operation 10 'specbitsmap' <Predicate = true> <Delay = 0.00>
ST_3 : Operation 11 [1/1] (0.00ns)   --->   "call void (...)* @_ssdm_op_SpecBitsMap(i32 %numReps), !map !51"   --->   Operation 11 'specbitsmap' <Predicate = true> <Delay = 0.00>
ST_3 : Operation 12 [1/1] (0.00ns)   --->   "call void (...)* @_ssdm_op_SpecTopModule([37 x i8]* @StreamingDataflowPar) nounwind"   --->   Operation 12 'spectopmodule' <Predicate = true> <Delay = 0.00>
ST_3 : Operation 13 [1/1] (0.00ns)   --->   "call void (...)* @_ssdm_op_SpecInterface(i32 %numReps, [10 x i8]* @p_str, i32 0, i32 0, [1 x i8]* @p_str1, i32 0, i32 0, [8 x i8]* @p_str2, [1 x i8]* @p_str1, [1 x i8]* @p_str1, i32 0, i32 0, i32 0, i32 0, [1 x i8]* @p_str1, [1 x i8]* @p_str1) nounwind" [/tmp/finn_dev_uma/code_gen_ipgen_StreamingDataflowPartition_0_IODMA_0_jutp61ws/top_StreamingDataflowPartition_0_IODMA_0.cpp:17]   --->   Operation 13 'specinterface' <Predicate = true> <Delay = 0.00>
ST_3 : Operation 14 [1/1] (0.00ns)   --->   "call void (...)* @_ssdm_op_SpecInterface(i32 0, [10 x i8]* @p_str, i32 0, i32 0, [1 x i8]* @p_str1, i32 0, i32 0, [8 x i8]* @p_str2, [1 x i8]* @p_str1, [1 x i8]* @p_str1, i32 0, i32 0, i32 0, i32 0, [1 x i8]* @p_str1, [1 x i8]* @p_str1) nounwind" [/tmp/finn_dev_uma/code_gen_ipgen_StreamingDataflowPartition_0_IODMA_0_jutp61ws/top_StreamingDataflowPartition_0_IODMA_0.cpp:18]   --->   Operation 14 'specinterface' <Predicate = true> <Delay = 0.00>
ST_3 : Operation 15 [1/1] (0.00ns)   --->   "call void (...)* @_ssdm_op_SpecInterface(i16* %gmem, [6 x i8]* @p_str3, i32 0, i32 0, [1 x i8]* @p_str1, i32 0, i32 0, [5 x i8]* @p_str4, [6 x i8]* @p_str5, [1 x i8]* @p_str1, i32 16, i32 16, i32 16, i32 16, [1 x i8]* @p_str1, [1 x i8]* @p_str1) nounwind" [/tmp/finn_dev_uma/code_gen_ipgen_StreamingDataflowPartition_0_IODMA_0_jutp61ws/top_StreamingDataflowPartition_0_IODMA_0.cpp:19]   --->   Operation 15 'specinterface' <Predicate = true> <Delay = 0.00>
ST_3 : Operation 16 [1/1] (0.00ns)   --->   "call void (...)* @_ssdm_op_SpecInterface(i64 %in0_V, [10 x i8]* @p_str, i32 0, i32 0, [1 x i8]* @p_str1, i32 0, i32 0, [8 x i8]* @p_str2, [1 x i8]* @p_str1, [1 x i8]* @p_str1, i32 0, i32 0, i32 0, i32 0, [1 x i8]* @p_str1, [1 x i8]* @p_str1) nounwind" [/tmp/finn_dev_uma/code_gen_ipgen_StreamingDataflowPartition_0_IODMA_0_jutp61ws/top_StreamingDataflowPartition_0_IODMA_0.cpp:20]   --->   Operation 16 'specinterface' <Predicate = true> <Delay = 0.00>
ST_3 : Operation 17 [1/1] (0.00ns)   --->   "call void (...)* @_ssdm_op_SpecInterface(i16* %out_V_V, [5 x i8]* @p_str6, i32 1, i32 1, [5 x i8]* @p_str7, i32 0, i32 0, [1 x i8]* @p_str1, [1 x i8]* @p_str1, [1 x i8]* @p_str1, i32 0, i32 0, i32 0, i32 0, [1 x i8]* @p_str1, [1 x i8]* @p_str1) nounwind" [/tmp/finn_dev_uma/code_gen_ipgen_StreamingDataflowPartition_0_IODMA_0_jutp61ws/top_StreamingDataflowPartition_0_IODMA_0.cpp:21]   --->   Operation 17 'specinterface' <Predicate = true> <Delay = 0.00>
ST_3 : Operation 18 [1/1] (0.00ns)   --->   "ret void" [/tmp/finn_dev_uma/code_gen_ipgen_StreamingDataflowPartition_0_IODMA_0_jutp61ws/top_StreamingDataflowPartition_0_IODMA_0.cpp:26]   --->   Operation 18 'ret' <Predicate = true> <Delay = 0.00>


============================================================
+ Verbose Summary: Timing violations
============================================================
Target clock period: 10ns, clock uncertainty: 1.25ns.

 <State 1>: 1ns
The critical path consists of the following:
	s_axi read on port 'numReps' (/tmp/finn_dev_uma/code_gen_ipgen_StreamingDataflowPartition_0_IODMA_0_jutp61ws/top_StreamingDataflowPartition_0_IODMA_0.cpp:15) [15]  (1 ns)

 <State 2>: 0ns
The critical path consists of the following:

 <State 3>: 0ns
The critical path consists of the following:


============================================================
+ Verbose Summary: Binding
============================================================
N/A
* FSMD analyzer results:
  - Output states:
 - Input state : 
  - Chain level:
	State 1
	State 2
	State 3


============================================================
+ Verbose Summary: Datapath Resource usage 
============================================================
N/A
